2026-04-22 23:43:18,693 [INFO] Node Guardian 시작
2026-04-22 23:46:25,531 [WARNING] CRITICAL: ['com.docker.backend.exe', 'Docker Desktop.exe']
2026-04-22 23:47:59,844 [INFO] 프로세스 복구
2026-04-23 00:08:09,674 [WARNING] PiLink API 전송 실패: HTTPSConnectionPool(host='pilink.vercel.app', port=443): Read timed out. (read timeout=5)
2026-04-23 00:08:09,674 [WARNING] PORT PARTIAL: [31400, 31404, 31405, 31406, 31407, 31408, 31409]
2026-04-23 01:08:43,219 [WARNING] PORT PARTIAL: [31400, 31404, 31405, 31406, 31407, 31408, 31409]
2026-04-23 02:09:16,924 [WARNING] PiLink API 전송 실패: HTTPSConnectionPool(host='pilink.vercel.app', port=443): Read timed out. (read timeout=5)
2026-04-23 02:09:16,924 [WARNING] PORT PARTIAL: [31400, 31404, 31405, 31406, 31407, 31408, 31409]
2026-04-23 03:09:50,747 [WARNING] PORT PARTIAL: [31400, 31404, 31405, 31406, 31407, 31408, 31409]
2026-04-23 04:10:24,313 [WARNING] PiLink API 전송 실패: HTTPSConnectionPool(host='pilink.vercel.app', port=443): Read timed out. (read timeout=5)
2026-04-23 04:10:24,313 [WARNING] PORT PARTIAL: [31400, 31404, 31405, 31406, 31407, 31408, 31409]
2026-04-23 05:10:39,131 [WARNING] PORT PARTIAL: [31400, 31404, 31405, 31406, 31407, 31408, 31409]
2026-04-23 06:11:12,212 [WARNING] PORT PARTIAL: [31400, 31404, 31405, 31406, 31407, 31408, 31409]
2026-04-23 06:41:40,867 [INFO] Node Guardian 시작
2026-04-23 06:41:44,805 [INFO] 재부팅: 2026-04-19 22:16:01.319405
2026-04-23 07:01:22,261 [INFO] Node Guardian 시작
2026-04-23 07:01:26,555 [INFO] 재부팅: 2026-04-19 22:16:01.317113
2026-04-23 08:35:32,400 [INFO] Node Guardian 시작
2026-04-23 08:35:37,275 [INFO] 재부팅: 2026-04-19 22:16:01.316797
2026-04-23 22:30:24,964 [INFO] Node Guardian 시작
2026-04-23 22:30:28,671 [INFO] 재부팅: 2026-04-19 22:15:53.432502
2026-04-23 22:31:54,369 [INFO] Node Guardian 시작
2026-04-23 22:31:58,000 [INFO] 재부팅: 2026-04-19 22:15:53.429048
2026-04-24 06:36:49,268 [INFO] Node Guardian 시작
2026-04-24 06:36:52,497 [INFO] 재부팅: 2026-04-19 22:15:53.428970
2026-04-24 07:09:01,663 [WARNING] WARNING: ['Pi Network.exe']
2026-04-24 07:09:35,644 [WARNING] WARNING: ['Pi Network.exe']
2026-04-24 07:09:37,439 [WARNING] WARNING: ['Pi Network.exe']
2026-04-24 07:09:48,169 [WARNING] WARNING: ['Pi Network.exe']
2026-04-24 07:09:50,432 [WARNING] WARNING: ['Pi Network.exe']
2026-04-24 07:11:29,627 [INFO] 프로세스 복구
2026-04-24 07:12:03,708 [INFO] 프로세스 복구
2026-04-24 07:12:04,946 [INFO] 프로세스 복구
2026-04-24 07:12:19,166 [INFO] 프로세스 복구
2026-04-24 07:12:19,403 [INFO] 프로세스 복구
2026-04-24 12:41:23,399 [INFO] Node Guardian 시작
2026-04-24 12:41:25,112 [INFO] 재부팅: 2026-04-19 22:15:49.098843
2026-04-24 12:49:04,752 [INFO] Node Guardian 시작
2026-04-24 12:49:07,088 [INFO] 재부팅: 2026-04-19 22:15:49.075687
2026-04-24 13:00:03,783 [WARNING] WARNING: ['Pi Network.exe']
2026-04-24 13:14:39,862 [INFO] 프로세스 복구
2026-04-26 06:21:16,123 [INFO] Node Guardian 시작
2026-04-26 06:21:19,172 [INFO] 재부팅: 2026-04-19 22:15:41.158863
2026-04-26 06:33:31,062 [WARNING] WARNING: ['Pi Network.exe']
2026-04-26 06:34:45,624 [INFO] 프로세스 복구
2026-04-27 18:15:30,228 [INFO] Node Guardian 시작
2026-04-27 18:15:33,247 [INFO] 재부팅: 2026-04-27 18:13:38.232382
2026-04-27 21:23:53,255 [INFO] Node Guardian 시작
2026-04-27 21:23:58,352 [WARNING] PiLink API 전송 실패: HTTPSConnectionPool(host='pilink.vercel.app', port=443): Read timed out. (read timeout=5)
2026-04-27 21:23:58,364 [INFO] 재부팅: 2026-04-27 18:13:38.352530
2026-05-09 06:58:42,164 [ERROR] 예외: codec configuration error when writing image file
Traceback (most recent call last):
  File "PIL\ImageFile.py", line 663, in _save
AttributeError: '_idat' object has no attribute 'fileno'

The above exception was the direct cause of the following exception:

Traceback (most recent call last):
  File "src\main.py", line 215, in main
  File "src\tray.py", line 58, in set_status
  File "pystray\_base.py", line 134, in icon
  File "pystray\_win32.py", line 73, in _update_icon
  File "pystray\_win32.py", line 359, in _assert_icon_handle
  File "contextlib.py", line 141, in __enter__
  File "pystray\_util\__init__.py", line 42, in serialized_image
  File "PIL\Image.py", line 2713, in save
  File "PIL\IcoImagePlugin.py", line 119, in _save
  File "PIL\Image.py", line 2713, in save
  File "PIL\PngImagePlugin.py", line 1507, in _save
  File "PIL\ImageFile.py", line 667, in _save
  File "PIL\ImageFile.py", line 702, in _encode_tile
OSError: codec configuration error when writing image file
2026-05-09 07:00:32,897 [ERROR] 예외: 
Traceback (most recent call last):
  File "src\main.py", line 93, in main
  File "src\detectors\process_detector.py", line 47, in get_node_status
  File "src\detectors\process_detector.py", line 23, in check_processes
  File "psutil\__init__.py", line 1514, in process_iter
  File "psutil\__init__.py", line 1491, in add
  File "psutil\__init__.py", line 319, in __init__
  File "psutil\__init__.py", line 355, in _init
  File "psutil\__init__.py", line 757, in create_time
  File "psutil\_pswindows.py", line 727, in wrapper
  File "psutil\_pswindows.py", line 994, in create_time
  File "psutil\_common.py", line 508, in wrapper
  File "<string>", line 3, in raise_from
  File "psutil\_common.py", line 506, in wrapper
  File "psutil\_pswindows.py", line 787, in _proc_info
MemoryError
2026-05-09 07:09:00,185 [ERROR] 예외: 
Traceback (most recent call last):
  File "src\main.py", line 93, in main
  File "src\detectors\process_detector.py", line 47, in get_node_status
  File "src\detectors\process_detector.py", line 23, in check_processes
  File "psutil\__init__.py", line 1514, in process_iter
  File "psutil\__init__.py", line 1491, in add
  File "psutil\__init__.py", line 319, in __init__
  File "psutil\__init__.py", line 355, in _init
  File "psutil\__init__.py", line 757, in create_time
  File "psutil\_pswindows.py", line 727, in wrapper
  File "psutil\_pswindows.py", line 994, in create_time
  File "psutil\_common.py", line 508, in wrapper
  File "<string>", line 3, in raise_from
  File "psutil\_common.py", line 506, in wrapper
  File "psutil\_pswindows.py", line 787, in _proc_info
MemoryError
2026-05-09 08:29:03,841 [WARNING] PORT CRITICAL: [31400, 31401, 31402, 31403, 31404, 31405, 31406, 31407, 31408, 31409]
2026-05-09 09:29:37,363 [WARNING] PORT CRITICAL: [31400, 31401, 31402, 31403, 31404, 31405, 31406, 31407, 31408, 31409]
2026-05-09 10:16:36,255 [ERROR] 예외: codec configuration error when writing image file
Traceback (most recent call last):
  File "PIL\ImageFile.py", line 663, in _save
AttributeError: '_idat' object has no attribute 'fileno'

The above exception was the direct cause of the following exception:

Traceback (most recent call last):
  File "src\main.py", line 215, in main
  File "src\tray.py", line 58, in set_status
  File "pystray\_base.py", line 134, in icon
  File "pystray\_win32.py", line 73, in _update_icon
  File "pystray\_win32.py", line 359, in _assert_icon_handle
  File "contextlib.py", line 141, in __enter__
  File "pystray\_util\__init__.py", line 42, in serialized_image
  File "PIL\Image.py", line 2713, in save
  File "PIL\IcoImagePlugin.py", line 119, in _save
  File "PIL\Image.py", line 2713, in save
  File "PIL\PngImagePlugin.py", line 1507, in _save
  File "PIL\ImageFile.py", line 667, in _save
  File "PIL\ImageFile.py", line 702, in _encode_tile
OSError: codec configuration error when writing image file
2026-05-09 10:30:17,150 [WARNING] PORT CRITICAL: [31400, 31401, 31402, 31403, 31404, 31405, 31406, 31407, 31408, 31409]
2026-05-09 11:30:50,572 [WARNING] PORT CRITICAL: [31400, 31401, 31402, 31403, 31404, 31405, 31406, 31407, 31408, 31409]
2026-05-09 12:31:26,346 [WARNING] PORT CRITICAL: [31400, 31401, 31402, 31403, 31404, 31405, 31406, 31407, 31408, 31409]
2026-05-09 13:32:03,299 [WARNING] PORT CRITICAL: [31400, 31401, 31402, 31403, 31404, 31405, 31406, 31407, 31408, 31409]
2026-05-09 14:32:28,756 [WARNING] PORT CRITICAL: [31400, 31401, 31402, 31403, 31404, 31405, 31406, 31407, 31408, 31409]
2026-05-09 15:28:28,734 [INFO] 포트 복구
2026-05-09 22:38:41,210 [INFO] Node Guardian 시작
2026-05-09 22:38:43,280 [INFO] 재부팅: 2026-04-27 18:12:36.262293
