2026-04-19 21:42:00,490 [INFO] Node Guardian 시작
2026-04-19 21:42:02,359 [INFO] 재부팅: 2026-04-08 16:19:49.448895
2026-04-19 21:47:33,934 [WARNING] WARNING: ['Pi Network.exe']
2026-04-19 21:50:35,134 [INFO] 프로세스 복구
2026-04-19 22:08:19,477 [WARNING] CRITICAL: ['com.docker.backend.exe', 'Docker Desktop.exe']
2026-04-19 22:18:15,597 [INFO] Node Guardian 시작
2026-04-19 22:18:17,468 [INFO] 재부팅: 2026-04-19 22:16:12.556793
2026-04-21 18:20:42,571 [INFO] Node Guardian 시작
2026-04-21 18:20:45,911 [INFO] 재부팅: 2026-04-19 22:16:06.994738
2026-04-21 18:25:37,617 [INFO] Node Guardian 시작
2026-04-21 18:25:41,607 [INFO] 재부팅: 2026-04-19 22:16:06.687551
2026-04-27 18:15:36,178 [INFO] Node Guardian 시작
2026-04-27 18:15:36,194 [INFO] 재부팅: 2026-04-27 18:13:38.173886
2026-05-09 22:38:59,907 [INFO] Node Guardian 시작
2026-05-09 22:38:59,922 [INFO] 재부팅: 2026-04-27 18:12:36.906665
2026-05-14 05:13:13,055 [INFO] Node Guardian 시작
2026-05-14 05:13:13,072 [INFO] 재부팅: 2026-05-14 00:38:16.060134
2026-05-14 21:50:55,362 [WARNING] WARNING: ['Pi Network.exe']
2026-05-14 21:53:20,018 [INFO] 프로세스 복구
2026-05-17 07:40:46,684 [INFO] Node Guardian 시작
2026-05-17 07:40:46,701 [INFO] 재부팅: 2026-05-17 07:33:23.689803
2026-06-10 22:05:25,351 [INFO] Node Guardian 시작
2026-06-10 22:05:25,374 [INFO] 재부팅: 2026-06-10 21:52:22.358868
2026-06-11 06:31:39,964 [INFO] Node Guardian 시작
2026-06-11 06:31:39,982 [INFO] 재부팅: 2026-06-11 05:52:04.969282
2026-06-28 06:11:09,972 [INFO] Node Guardian 시작
2026-06-28 06:11:09,991 [INFO] 재부팅: 2026-06-28 06:09:29.974059
2026-06-28 14:45:04,486 [INFO] Node Guardian 시작
2026-06-28 14:45:04,502 [INFO] 재부팅: 2026-06-28 14:43:29.488614
2026-07-11 08:52:07,697 [INFO] Node Guardian 시작
2026-07-11 08:52:07,712 [INFO] 재부팅: 2026-07-11 08:50:28.700865
2026-07-16 03:47:16,324 [INFO] Node Guardian 시작
2026-07-16 03:47:16,345 [INFO] 재부팅: 2026-07-16 03:36:30.330615
2026-08-04 16:29:17,400 [INFO] Node Guardian 시작
2026-08-04 16:29:17,417 [INFO] 재부팅: 2026-08-04 16:27:10.394249
2026-08-04 16:53:06,852 [INFO] Node Guardian 시작
2026-08-04 16:53:06,868 [INFO] 재부팅: 2026-08-04 16:51:30.854677
2026-08-13 07:34:46,400 [INFO] Node Guardian 시작
2026-08-13 07:34:46,445 [INFO] 재부팅: 2026-08-13 03:36:38.411294
